*** EVALUATION ***
PROGRAM "SFXProject.abs"

*********************************************************************************************
TARGET SECTION
---------------------------------------------------------------------------------------------
Processor   : Freescale HC08
Memory Model: SMALL
File Format : ELF\DWARF 2.0
Linker      : SmartLinker V-5.0.41 Build 11006, Jan  7 2011

*********************************************************************************************
FILE SECTION
---------------------------------------------------------------------------------------------
CRC_c.obj                               Model: SMALL,         Lang: ANSI-C
Cpu_c.obj                               Model: SMALL,         Lang: ANSI-C
DS1804_c.obj                            Model: SMALL,         Lang: ANSI-C
Keyboard_c.obj                          Model: SMALL,         Lang: ANSI-C
LCD_c.obj                               Model: SMALL,         Lang: ANSI-C
P_inputs_c.obj                          Model: SMALL,         Lang: ANSI-C
P_outputs_c.obj                         Model: SMALL,         Lang: ANSI-C
Vectors_c.obj                           Model: SMALL,         Lang: ANSI-C
eeprom_c.obj                            Model: SMALL,         Lang: ANSI-C
main_c.obj                              Model: SMALL,         Lang: ANSI-C
onems_c.obj                             Model: SMALL,         Lang: ANSI-C
print_c.obj                             Model: SMALL,         Lang: ANSI-C
state_c.obj                             Model: SMALL,         Lang: ANSI-C
string_c.obj                            Model: SMALL,         Lang: ANSI-C
util_c.obj                              Model: SMALL,         Lang: ANSI-C
weldhold_c.obj                          Model: SMALL,         Lang: ANSI-C
start08_c.obj                           Model: SMALL,         Lang: ANSI-C
mc9s08lg32_c.obj                        Model: SMALL,         Lang: ANSI-C
rtshc08.o (ansiis.lib)                  Model: SMALL,         Lang: ANSI-C

*********************************************************************************************
STARTUP SECTION
---------------------------------------------------------------------------------------------
Entry point: 0x807B (_Startup)
_startupData is allocated at 0x8084 and uses 6 Bytes
extern struct _tagStartup {
  unsigned nofZeroOut     1
  _Range   pZeroOut       0x100     1310
  _Copy    *toCopyDownBeg 0xF934
} _startupData;

*********************************************************************************************
SECTION-ALLOCATION SECTION
Section Name                    Size  Type     From       To       Segment
---------------------------------------------------------------------------------------------
.data                            756   R/W      0x100      0x3F3   RAM
.stack                           384   N/I      0x69F      0x81E   MY_STK
.init                            132     R     0x8000     0x8083   ROM
.startData                        14     R     0x8084     0x8091   ROM
.rodata                         3408     R     0x8092     0x8DE1   ROM
.text                          27474     R     0x8DE2     0xF933   ROM
.copy                            761     R     0xF934     0xFC2C   ROM
.abs_section_ffbd                  1     R     0xFFBD     0xFFBD   .absSeg0
.abs_section_ffbf                  1     R     0xFFBF     0xFFBF   .absSeg1
.abs_section_ffca                 54     R     0xFFCA     0xFFFF   .absSeg2
.abs_section_0                     1   N/I        0x0        0x0   .absSeg3
.abs_section_1                     1   N/I        0x1        0x1   .absSeg4
.abs_section_2                     1   N/I        0x2        0x2   .absSeg5
.abs_section_3                     1   N/I        0x3        0x3   .absSeg6
.abs_section_4                     1   N/I        0x4        0x4   .absSeg7
.abs_section_5                     1   N/I        0x5        0x5   .absSeg8
.abs_section_6                     1   N/I        0x6        0x6   .absSeg9
.abs_section_7                     1   N/I        0x7        0x7   .absSeg10
.abs_section_8                     1   N/I        0x8        0x8   .absSeg11
.abs_section_9                     1   N/I        0x9        0x9   .absSeg12
.abs_section_a                     1   N/I        0xA        0xA   .absSeg13
.abs_section_b                     1   N/I        0xB        0xB   .absSeg14
.abs_section_c                     1   N/I        0xC        0xC   .absSeg15
.abs_section_d                     1   N/I        0xD        0xD   .absSeg16
.abs_section_e                     1   N/I        0xE        0xE   .absSeg17
.abs_section_f                     1   N/I        0xF        0xF   .absSeg18
.abs_section_12                    1   N/I       0x12       0x12   .absSeg19
.abs_section_13                    1   N/I       0x13       0x13   .absSeg20
.abs_section_14                    1   N/I       0x14       0x14   .absSeg21
.abs_section_15                    1   N/I       0x15       0x15   .absSeg22
.abs_section_16                    1   N/I       0x16       0x16   .absSeg23
.abs_section_17                    1   N/I       0x17       0x17   .absSeg24
.abs_section_1a                    1   N/I       0x1A       0x1A   .absSeg25
.abs_section_1b                    1   N/I       0x1B       0x1B   .absSeg26
.abs_section_1c                    1   N/I       0x1C       0x1C   .absSeg27
.abs_section_1d                    1   N/I       0x1D       0x1D   .absSeg28
.abs_section_1e                    1   N/I       0x1E       0x1E   .absSeg29
.abs_section_1f                    1   N/I       0x1F       0x1F   .absSeg30
.abs_section_20                    1   N/I       0x20       0x20   .absSeg31
.abs_section_25                    1   N/I       0x25       0x25   .absSeg32
.abs_section_28                    1   N/I       0x28       0x28   .absSeg33
.abs_section_2b                    1   N/I       0x2B       0x2B   .absSeg34
.abs_section_2e                    1   N/I       0x2E       0x2E   .absSeg35
.abs_section_31                    1   N/I       0x31       0x31   .absSeg36
.abs_section_34                    1   N/I       0x34       0x34   .absSeg37
.abs_section_37                    1   N/I       0x37       0x37   .absSeg38
.abs_section_38                    1   N/I       0x38       0x38   .absSeg39
.abs_section_39                    1   N/I       0x39       0x39   .absSeg40
.abs_section_3a                    1   N/I       0x3A       0x3A   .absSeg41
.abs_section_3c                    1   N/I       0x3C       0x3C   .absSeg42
.abs_section_3d                    1   N/I       0x3D       0x3D   .absSeg43
.abs_section_3e                    1   N/I       0x3E       0x3E   .absSeg44
.abs_section_3f                    1   N/I       0x3F       0x3F   .absSeg45
.abs_section_40                    1   N/I       0x40       0x40   .absSeg46
.abs_section_45                    1   N/I       0x45       0x45   .absSeg47
.abs_section_48                    1   N/I       0x48       0x48   .absSeg48
.abs_section_4b                    1   N/I       0x4B       0x4B   .absSeg49
.abs_section_4c                    1   N/I       0x4C       0x4C   .absSeg50
.abs_section_51                    1   N/I       0x51       0x51   .absSeg51
.abs_section_52                    1   N/I       0x52       0x52   .absSeg52
.abs_section_53                    1   N/I       0x53       0x53   .absSeg53
.abs_section_54                    1   N/I       0x54       0x54   .absSeg54
.abs_section_55                    1   N/I       0x55       0x55   .absSeg55
.abs_section_56                    1   N/I       0x56       0x56   .absSeg56
.abs_section_57                    1   N/I       0x57       0x57   .absSeg57
.abs_section_58                    1   N/I       0x58       0x58   .absSeg58
.abs_section_59                    1   N/I       0x59       0x59   .absSeg59
.abs_section_5a                    1   N/I       0x5A       0x5A   .absSeg60
.abs_section_5b                    1   N/I       0x5B       0x5B   .absSeg61
.abs_section_5d                    1   N/I       0x5D       0x5D   .absSeg62
.abs_section_5e                    1   N/I       0x5E       0x5E   .absSeg63
.abs_section_5f                    1   N/I       0x5F       0x5F   .absSeg64
.abs_section_820                   1   N/I      0x820      0x820   .absSeg65
.abs_section_821                   1   N/I      0x821      0x821   .absSeg66
.abs_section_822                   1   N/I      0x822      0x822   .absSeg67
.abs_section_823                   1   N/I      0x823      0x823   .absSeg68
.abs_section_824                   1   N/I      0x824      0x824   .absSeg69
.abs_section_825                   1   N/I      0x825      0x825   .absSeg70
.abs_section_828                   1   N/I      0x828      0x828   .absSeg71
.abs_section_829                   1   N/I      0x829      0x829   .absSeg72
.abs_section_82a                   1   N/I      0x82A      0x82A   .absSeg73
.abs_section_82b                   1   N/I      0x82B      0x82B   .absSeg74
.abs_section_82c                   1   N/I      0x82C      0x82C   .absSeg75
.abs_section_82d                   1   N/I      0x82D      0x82D   .absSeg76
.abs_section_830                   1   N/I      0x830      0x830   .absSeg77
.abs_section_831                   1   N/I      0x831      0x831   .absSeg78
.abs_section_832                   1   N/I      0x832      0x832   .absSeg79
.abs_section_833                   1   N/I      0x833      0x833   .absSeg80
.abs_section_834                   1   N/I      0x834      0x834   .absSeg81
.abs_section_835                   1   N/I      0x835      0x835   .absSeg82
.abs_section_836                   1   N/I      0x836      0x836   .absSeg83
.abs_section_837                   1   N/I      0x837      0x837   .absSeg84
.abs_section_838                   1   N/I      0x838      0x838   .absSeg85
.abs_section_839                   1   N/I      0x839      0x839   .absSeg86
.abs_section_83a                   1   N/I      0x83A      0x83A   .absSeg87
.abs_section_83b                   1   N/I      0x83B      0x83B   .absSeg88
.abs_section_83c                   1   N/I      0x83C      0x83C   .absSeg89
.abs_section_83d                   1   N/I      0x83D      0x83D   .absSeg90
.abs_section_83e                   1   N/I      0x83E      0x83E   .absSeg91
.abs_section_83f                   1   N/I      0x83F      0x83F   .absSeg92
.abs_section_840                   1   N/I      0x840      0x840   .absSeg93
.abs_section_841                   1   N/I      0x841      0x841   .absSeg94
.abs_section_842                   1   N/I      0x842      0x842   .absSeg95
.abs_section_843                   1   N/I      0x843      0x843   .absSeg96
.abs_section_844                   1   N/I      0x844      0x844   .absSeg97
.abs_section_845                   1   N/I      0x845      0x845   .absSeg98
.abs_section_846                   1   N/I      0x846      0x846   .absSeg99
.abs_section_847                   1   N/I      0x847      0x847   .absSeg100
.abs_section_848                   1   N/I      0x848      0x848   .absSeg101
.abs_section_849                   1   N/I      0x849      0x849   .absSeg102
.abs_section_84a                   1   N/I      0x84A      0x84A   .absSeg103
.abs_section_84b                   1   N/I      0x84B      0x84B   .absSeg104
.abs_section_84c                   1   N/I      0x84C      0x84C   .absSeg105
.abs_section_84d                   1   N/I      0x84D      0x84D   .absSeg106
.abs_section_84e                   1   N/I      0x84E      0x84E   .absSeg107
.abs_section_84f                   1   N/I      0x84F      0x84F   .absSeg108
.abs_section_850                   1   N/I      0x850      0x850   .absSeg109
.abs_section_851                   1   N/I      0x851      0x851   .absSeg110
.abs_section_852                   1   N/I      0x852      0x852   .absSeg111
.abs_section_853                   1   N/I      0x853      0x853   .absSeg112
.abs_section_854                   1   N/I      0x854      0x854   .absSeg113
.abs_section_855                   1   N/I      0x855      0x855   .absSeg114
.abs_section_856                   1   N/I      0x856      0x856   .absSeg115
.abs_section_857                   1   N/I      0x857      0x857   .absSeg116
.abs_section_858                   1   N/I      0x858      0x858   .absSeg117
.abs_section_859                   1   N/I      0x859      0x859   .absSeg118
.abs_section_85a                   1   N/I      0x85A      0x85A   .absSeg119
.abs_section_85b                   1   N/I      0x85B      0x85B   .absSeg120
.abs_section_85c                   1   N/I      0x85C      0x85C   .absSeg121
.abs_section_1800                  1   N/I     0x1800     0x1800   .absSeg122
.abs_section_1801                  1   N/I     0x1801     0x1801   .absSeg123
.abs_section_1802                  1   N/I     0x1802     0x1802   .absSeg124
.abs_section_1803                  1   N/I     0x1803     0x1803   .absSeg125
.abs_section_1809                  1   N/I     0x1809     0x1809   .absSeg126
.abs_section_180a                  1   N/I     0x180A     0x180A   .absSeg127
.abs_section_180e                  1   N/I     0x180E     0x180E   .absSeg128
.abs_section_180f                  1   N/I     0x180F     0x180F   .absSeg129
.abs_section_1818                  1   N/I     0x1818     0x1818   .absSeg130
.abs_section_1819                  1   N/I     0x1819     0x1819   .absSeg131
.abs_section_181a                  1   N/I     0x181A     0x181A   .absSeg132
.abs_section_181c                  1   N/I     0x181C     0x181C   .absSeg133
.abs_section_181d                  1   N/I     0x181D     0x181D   .absSeg134
.abs_section_181e                  1   N/I     0x181E     0x181E   .absSeg135
.abs_section_181f                  1   N/I     0x181F     0x181F   .absSeg136
.abs_section_1820                  1   N/I     0x1820     0x1820   .absSeg137
.abs_section_1821                  1   N/I     0x1821     0x1821   .absSeg138
.abs_section_1823                  1   N/I     0x1823     0x1823   .absSeg139
.abs_section_1824                  1   N/I     0x1824     0x1824   .absSeg140
.abs_section_1825                  1   N/I     0x1825     0x1825   .absSeg141
.abs_section_1826                  1   N/I     0x1826     0x1826   .absSeg142
.abs_section_1830                  1   N/I     0x1830     0x1830   .absSeg143
.abs_section_1831                  1   N/I     0x1831     0x1831   .absSeg144
.abs_section_1832                  1   N/I     0x1832     0x1832   .absSeg145
.abs_section_1833                  1   N/I     0x1833     0x1833   .absSeg146
.abs_section_183c                  1   N/I     0x183C     0x183C   .absSeg147
.abs_section_183d                  1   N/I     0x183D     0x183D   .absSeg148
.abs_section_183e                  1   N/I     0x183E     0x183E   .absSeg149
.abs_section_1840                  1   N/I     0x1840     0x1840   .absSeg150
.abs_section_1841                  1   N/I     0x1841     0x1841   .absSeg151
.abs_section_1842                  1   N/I     0x1842     0x1842   .absSeg152
.abs_section_1844                  1   N/I     0x1844     0x1844   .absSeg153
.abs_section_1845                  1   N/I     0x1845     0x1845   .absSeg154
.abs_section_1846                  1   N/I     0x1846     0x1846   .absSeg155
.abs_section_1848                  1   N/I     0x1848     0x1848   .absSeg156
.abs_section_1849                  1   N/I     0x1849     0x1849   .absSeg157
.abs_section_184a                  1   N/I     0x184A     0x184A   .absSeg158
.abs_section_184c                  1   N/I     0x184C     0x184C   .absSeg159
.abs_section_184d                  1   N/I     0x184D     0x184D   .absSeg160
.abs_section_184e                  1   N/I     0x184E     0x184E   .absSeg161
.abs_section_1850                  1   N/I     0x1850     0x1850   .absSeg162
.abs_section_1851                  1   N/I     0x1851     0x1851   .absSeg163
.abs_section_1852                  1   N/I     0x1852     0x1852   .absSeg164
.abs_section_1854                  1   N/I     0x1854     0x1854   .absSeg165
.abs_section_1855                  1   N/I     0x1855     0x1855   .absSeg166
.abs_section_1856                  1   N/I     0x1856     0x1856   .absSeg167
.abs_section_1860                  1   N/I     0x1860     0x1860   .absSeg168
.abs_section_1861                  1   N/I     0x1861     0x1861   .absSeg169
.abs_section_1862                  1   N/I     0x1862     0x1862   .absSeg170
.abs_section_1863                  1   N/I     0x1863     0x1863   .absSeg171
.abs_section_1868                  1   N/I     0x1868     0x1868   .absSeg172
.abs_section_1869                  1   N/I     0x1869     0x1869   .absSeg173
.abs_section_186a                  1   N/I     0x186A     0x186A   .absSeg174
.abs_section_186c                  1   N/I     0x186C     0x186C   .absSeg175
.abs_section_186d                  1   N/I     0x186D     0x186D   .absSeg176
.abs_section_186e                  1   N/I     0x186E     0x186E   .absSeg177
.abs_section_1870                  1   N/I     0x1870     0x1870   .absSeg178
.abs_section_1871                  1   N/I     0x1871     0x1871   .absSeg179
.abs_section_1872                  1   N/I     0x1872     0x1872   .absSeg180
.abs_section_1873                  1   N/I     0x1873     0x1873   .absSeg181
.abs_section_1874                  1   N/I     0x1874     0x1874   .absSeg182
.abs_section_1875                  1   N/I     0x1875     0x1875   .absSeg183
.abs_section_1876                  1   N/I     0x1876     0x1876   .absSeg184
.abs_section_1878                  1   N/I     0x1878     0x1878   .absSeg185
.abs_section_1879                  1   N/I     0x1879     0x1879   .absSeg186
.abs_section_187a                  1   N/I     0x187A     0x187A   .absSeg187
.abs_section_10                    2   N/I       0x10       0x11   .absSeg188
.abs_section_18                    2   N/I       0x18       0x19   .absSeg189
.abs_section_21                    2   N/I       0x21       0x22   .absSeg190
.abs_section_23                    2   N/I       0x23       0x24   .absSeg191
.abs_section_26                    2   N/I       0x26       0x27   .absSeg192
.abs_section_29                    2   N/I       0x29       0x2A   .absSeg193
.abs_section_2c                    2   N/I       0x2C       0x2D   .absSeg194
.abs_section_2f                    2   N/I       0x2F       0x30   .absSeg195
.abs_section_32                    2   N/I       0x32       0x33   .absSeg196
.abs_section_35                    2   N/I       0x35       0x36   .absSeg197
.abs_section_41                    2   N/I       0x41       0x42   .absSeg198
.abs_section_43                    2   N/I       0x43       0x44   .absSeg199
.abs_section_46                    2   N/I       0x46       0x47   .absSeg200
.abs_section_49                    2   N/I       0x49       0x4A   .absSeg201
.abs_section_4d                    2   N/I       0x4D       0x4E   .absSeg202
.abs_section_4f                    2   N/I       0x4F       0x50   .absSeg203
.abs_section_1806                  2   N/I     0x1806     0x1807   .absSeg204
.abs_section_1810                  2   N/I     0x1810     0x1811   .absSeg205
.abs_section_1812                  2   N/I     0x1812     0x1813   .absSeg206
.abs_section_1814                  2   N/I     0x1814     0x1815   .absSeg207
.abs_section_1816                  2   N/I     0x1816     0x1817   .absSeg208
.bss                             137   R/W      0x3F4      0x47C   RAM
.common                          417   R/W      0x47D      0x61D   RAM

Summary of section sizes per section type:
READ_ONLY (R):        7C65 (dec:    31845)
READ_WRITE (R/W):      51E (dec:     1310)
NO_INIT (N/I):         263 (dec:      611)

*********************************************************************************************
VECTOR-ALLOCATION SECTION
    Address     InitValue   InitFunction
---------------------------------------------------------------------------------------------

*********************************************************************************************
OBJECT-ALLOCATION SECTION
     Name               Module                 Addr   hSize   dSize     Ref    Section   RLIB
---------------------------------------------------------------------------------------------
MODULE:                 -- CRC_c.obj --
- PROCEDURES:
     CRC                                       8DE2      6A     106       5   .text       
     Ck16                                      8E4C      68     104       5   .text       
     CRC_Ck                                    8EB4      7F     127       7   .text       
     Calc_Flash_CRC_Ck                         8F33     169     361       5   .text       
     TestCode                                  909C      A2     162       1   .text       
- VARIABLES:
     CRCTableCyclone                           8092     100     256       1   .rodata     
     CRCLowByte                                 47D       1       1       3   .common     
     CRCMidByte                                 47E       1       1       3   .common     
     CRCHighByte                                47F       1       1       3   .common     
MODULE:                 -- Cpu_c.obj --
- PROCEDURES:
     Cpu_Interrupt                             913E       4       4      24   .text       
     _EntryPoint                               9142      3C      60       1   .text       
     LowLevelInit                              917E      B1     177       1   .text       
     ADC_Init                                  922F      1A      26       1   .text       
     StartADCConversion                        9249       9       9       1   .text       
     ADC_Interrupt                             9252      7D     125       1   .text       
- VARIABLES:
     ADC_Ch                                     3F4       1       1       4   .bss        
     PWRCounter                                 3F5       1       1       5   .bss        
     TempeCounter                               3F6       1       1       5   .bss        
     DataHandle                                 3F7       2       2      14   .bss        
     NVPROT_INIT                               FFBD       1       1       0   .abs_section_ffbd
     NVOPT_INIT                                FFBF       1       1       0   .abs_section_ffbf
     ADTempe                                    480      14      20       7   .common     
     ADPower                                    494       6       6       7   .common     
MODULE:                 -- DS1804_c.obj --
- PROCEDURES:
     Init_Port_DS1804                          92CF       C      12       1   .text       
     Delay                                     92DB       B      11       1   .text       
- VARIABLES:
MODULE:                 -- Keyboard_c.obj --
- PROCEDURES:
     KeyScan                                   92E6      7A     122       2   .text       
     ReadKeyboard                              9360     14F     335       6   .text       
     HandleMICROTIP                            94AF      48      72       1   .text       
     HandleHH_MICROTIP                         94F7      3C      60       1   .text       
     ProcessKeyboard                           9533     4E8    1256     113   .text       
     GetKeys                                   9A1B      90     144       6   .text       
- VARIABLES:
     OldScreen                                  100       1       1       7   .data       
     ReleaseFlag                                101       1       1       3   .data       
     PauseReleased.10                           102       1       1       2   .data       
     KeyHold                                    3F9       2       2       4   .bss        
     KeyUpDown                                  3FB       2       2       4   .bss        
     KeyRepeat                                  3FD       1       1       3   .bss        
     Start_And_LoR.6                            3FE       1       1       2   .bss        
     MicroTipReleased.7                         3FF       1       1       3   .bss        
     KeyReleased.8                              400       1       1       1   .bss        
     CurKey.1                                   401       2       2       7   .bss        
     Debounce.2                                 403       2       2       3   .bss        
     keyPress.3                                 405       1       1       4   .bss        
     ValidKey.4                                 406       1       1       3   .bss        
     LocalKey.5                                 407       2       2       2   .bss        
     HwKeyScan                                  49A       2       2       5   .common     
     KeyMask                                    49C       2       2       7   .common     
     keys                                       49E       2       2       2   .common     
     CurrentTestCode                            4A0       2       2       2   .common     
MODULE:                 -- LCD_c.obj --
- PROCEDURES:
     Numout                                    9AAB      BE     190      15   .text       
     DisplaySegments                           9B69      F5     245       3   .text       
     DisplayIcons                              9C5E     1DB     475       2   .text       
     TurnONorOFFLCDSegment                     9E39      62      98       3   .text       
     ALLIconsOFF                               9E9B      13      19       2   .text       
     DisplayAllIcons                           9EAE      13      19       1   .text       
     DisplayError                              9EC1     107     263       3   .text       
     UpdateLive                                9FC8      22      34       8   .text       
     ToSec                                     9FEA      98     152       1   .text       
     ToHHMMSS                                  A082      88     136       2   .text       
     ToMilliSec                                A10A      A3     163       1   .text       
     ToMMSSMS                                  A1AD      95     149       2   .text       
     ConvertTempToC                            A242      24      36       7   .text       
     ConvertTempToF                            A266      2D      45       2   .text       
     StringIsOff                               A293      40      64       4   .text       
     UpdateParamVal                            A2D3     315     789      12   .text       
     VerifyOFF                                 A5E8     17E     382       5   .text       
     GetLimits                                 A766     4CF    1231      22   .text       
     AcceptValue                               AC35     481    1153      63   .text       
     SetDigitBlink                             B0B6      48      72       1   .text       
     SelectDigitGroup                          B0FE      92     146       2   .text       
     GetParamNumber                            B190      A4     164       2   .text       
     UpdateDisplayValue                        B234     50B    1291      64   .text       
     VerifyTempVSCurret                        B73F     10C     268       3   .text       
     PerformAction                             B84B      1B      27       2   .text       
     CalcDisplayValue                          B866      69     105       4   .text       
     ChangeResult                              B8CF      74     116       1   .text       
     DisplayResult                             B943     165     357       8   .text       
     WeldMode_Icon                             BAA8      7E     126       5   .text       
     SwitchScreen                              BB26     221     545      49   .text       
     LCD_Init                                  BD47      A3     163       1   .text       
- VARIABLES:
     NoMSG                                     8192       7       7       1   .rodata     
     FnERR                                     8199       7       7       3   .rodata     
     StrZero                                   81A0       7       7       1   .rodata     
     MinLimitC                                 81A7       7       7       5   .rodata     
     MaxLimitC                                 81AE       7       7       1   .rodata     
     MaxLimAmp_Micro                           81B5       7       7       1   .rodata     
     OffTempC                                  81BC       7       7       2   .rodata     
     OffTempF                                  81C3       7       7       2   .rodata     
     Fn_Screens                                81CA      22      34       3   .rodata     
     MenuWattage                               81EC       9       9       4   .rodata     
     Parameters                                81F5     708    1800      64   .rodata     
     GDisplay_Remap                            88FD      4A      74       4   .rodata     
     ModeSet                                    103       1       1      10   .data       
     ModeSet2                                   104       1       1       5   .data       
     LoadPreset                                 105       1       1      10   .data       
     Increment                                  106       4       4       6   .data       
     ContinuousMode                             10A       1       1       5   .data       
     PresetNo                                   10B       1       1       5   .data       
     FnMSG                                      10C       7       7       7   .data       
     PswCorrectLimit                            113       1       1       1   .data       
     PswWrongLimit                              114       1       1       1   .data       
     Format                                     115     12C     300      23   .data       
     GCHAR_CODE                                 241      5F      95       1   .data       
     Results                                    2A0     145     325       5   .data       
     UpdateLiveReady                            409       1       1      10   .bss        
     PresetDisplay                              40A       1       1      10   .bss        
     EscKeyPressed                              40B       1       1       6   .bss        
     ShowDefaults                               40C       1       1      11   .bss        
     CurrentParam                               40D       2       2      62   .bss        
     AuxCurrentParam                            40F       2       2       4   .bss        
     ValueOkay                                  411       1       1       4   .bss        
     ResultIndex                                412       1       1      16   .bss        
     BlockSelected                              413       1       1      11   .bss        
     DataEntryError                             414       1       1       2   .bss        
     CurrentDigit                               415       2       2      16   .bss        
     currentLCDData                             417      26      38      71   .bss        
     LastFixedIcons.11                          43D       4       4       5   .bss        
     LastBlinkIcons.12                          441       4       4       5   .bss        
     LastBlinkTimer.13                          445       4       4       4   .bss        
     ScreenResult.15                            449       1       1       1   .bss        
     FixedIconsVar                              44A       4       4       2   .bss        
     screen                                     4A2       2       2      17   .common     
     FixedIcons                                 4A4       4       4     100   .common     
     BlinkIcons                                 4A8       4       4      36   .common     
     CurrFnScreen                               4AC       1       1       4   .common     
     FirstChar                                  4AD       1       1       8   .common     
     QtyOfChars                                 4AE       1       1       4   .common     
     StorePassword                              4AF       4       4       6   .common     
     Num_Current                                4B3       A      10      49   .common     
     Num_Min                                    4BD       A      10      16   .common     
     Num_Max                                    4C7       A      10      26   .common     
     DisplayCodes                               4D1       7       7      58   .common     
     lcdRam                                     4D8       2       2       7   .common     
     BlinkDigitAux                              4DA       1       1       3   .common     
MODULE:                 -- P_inputs_c.obj --
- PROCEDURES:
     HandleKeyPad                              BDEA      29      41       1   .text       
     GetInputs                                 BE13      1B      27       2   .text       
     GetPower                                  BE2E      70     112       1   .text       
     GetTemperatureADC                         BE9E      93     147       1   .text       
     ProcessInputs                             BF31     20C     524      24   .text       
- VARIABLES:
     PauseReleased.4                            3E5       1       1       2   .data       
     TestKey                                    44E       1       1       7   .bss        
     TestResetKeys                              44F       1       1       3   .bss        
     SetKey                                     450       1       1       6   .bss        
     ResetKey                                   451       1       1       8   .bss        
     StartFlag                                  452       1       1      17   .bss        
     StopFlag                                   453       1       1      23   .bss        
     SeekRequest                                454       1       1       8   .bss        
     SeekActive                                 455       1       1       4   .bss        
     PauseFlag                                  456       1       1       7   .bss        
     StartByPT                                  457       1       1       6   .bss        
     ONorOFF                                    458       1       1       7   .bss        
     IOValue                                    459       1       1       8   .bss        
     StartReleased.2                            45A       1       1       4   .bss        
     ScanNum                                    4DB       1       1       3   .common     
     ValidKeys                                  4DC       2       2       3   .common     
MODULE:                 -- P_outputs_c.obj --
- PROCEDURES:
     SetPSRun                                  C13D      13      19       3   .text       
     PSIdle                                    C150      11      17       5   .text       
     PSTest                                    C161      13      19       1   .text       
     PSReset                                   C174      15      21       3   .text       
     PSSeek                                    C189      11      17       2   .text       
     RemovePSSeek                              C19A      11      17       4   .text       
     SetReady                                  C1AB      16      22       3   .text       
     ClrReady                                  C1C1      15      21       7   .text       
     SetAlarm                                  C1D6      11      17       1   .text       
     ClrAlarm                                  C1E7      11      17       2   .text       
     ClrUserOut                                C1F8      11      17       6   .text       
     SetUserOut                                C209      11      17       4   .text       
     SetAmplitude                              C21A      2A      42       4   .text       
     SetBeep                                   C244      11      17       3   .text       
     ClrBeep                                   C255      11      17       3   .text       
     Beep                                      C266      4C      76       3   .text       
     EndOfWeldSignal                           C2B2      16      22       1   .text       
     CheckBeeper                               C2C8      18      24       1   .text       
     CheckWeldHold                             C2E0      27      39       1   .text       
     TurnOffBeeper                             C307      3B      59       1   .text       
     BacklightControl                          C342      19      25       1   .text       
- VARIABLES:
     IOMirror                                   3E6       1       1      14   .data       
     BeeperOn                                   45B       1       1       5   .bss        
     NumberOfBeeps                              45C       1       1       5   .bss        
     BeepOnTime                                 45D       2       2       8   .bss        
     Ready                                      4DE       1       1       2   .common     
MODULE:                 -- Vectors_c.obj --
- PROCEDURES:
- VARIABLES:
     _vect                                     FFCA      36      54       0   .abs_section_ffca
MODULE:                 -- eeprom_c.obj --
- PROCEDURES:
     I2CStart                                  C35B      11      17       3   .text       
     I2CStop                                   C36C       D      13       2   .text       
     I2CNack                                   C379      17      23       4   .text       
     I2COutByte                                C390      23      35       4   .text       
     I2CInByte                                 C3B3      23      35       1   .text       
     WriteI2C                                  C3D6      6C     108      16   .text       
     ReadI2C                                   C442      63      99      16   .text       
     CheckValidity                             C4A5      E7     231       6   .text       
     ResetEEPROM                               C58C      28      40       1   .text       
     EEPROM_Restore                            C5B4     120     288       6   .text       
     EEPROM_SavePreset                         C6D4      B0     176       6   .text       
     EEPROM_SaveConfig                         C784      8F     143       2   .text       
     ReadPresetBackup                          C813     11C     284       1   .text       
     EEPROM_ReadPreset                         C92F      91     145       2   .text       
     ReadConfigBackup                          C9C0     10A     266       1   .text       
     EEPROM_ReadConfig                         CACA      80     128       2   .text       
     EEPROM_Read                               CB4A      20      32       1   .text       
     EEPROM_Recall                             CB6A      45      69       3   .text       
     EEPROM_ChangeParam                        CBAF     167     359       8   .text       
     SavePresetSelected                        CD16      14      20       7   .text       
     RecallPresetSelected                      CD2A      10      16       1   .text       
     WriteCRC2EEPROM                           CD3A      3B      59       5   .text       
- VARIABLES:
     CurrentPreset                              4DF      22      34      70   .common     
     TempPreset                                 501      22      34      75   .common     
     Conf                                       523      15      21      85   .common     
MODULE:                 -- main_c.obj --
- PROCEDURES:
     DoRamTest                                 CD75      51      81       1   .text       
     PowerUpDiagnostics                        CDC6     139     313       3   .text       
     main                                      CEFF      43      67       1   .text       
- VARIABLES:
     UpdateTimer                                538       1       1       2   .common     
MODULE:                 -- onems_c.obj --
- PROCEDURES:
     TI_Init                                   CF42      18      24       1   .text       
     DebounceInputs                            CF5A      F4     244       1   .text       
     ResetBacklightTimer                       D04E       E      14       1   .text       
     GetVar                                    D05C      6D     109       5   .text       
     SetVar                                    D0C9      47      71       6   .text       
     CheckTimers                               D110     20D     525      10   .text       
     TI_Interrupt                              D31D     11A     282       1   .text       
     StopAllTimers                             D437      17      23       4   .text       
     StartMSTimer                              D44E      91     145      20   .text       
     StopMSTimer                               D4DF      4C      76       2   .text       
     PauseMSTimer                              D52B      3A      58       7   .text       
     ResumeMSTimer                             D565      3A      58       8   .text       
- VARIABLES:
     DividerTimer.7                             3E7       2       2       5   .data       
     DividerTarget.9                            3E9       2       2       3   .data       
     DebounceIndex                              45F       1       1       4   .bss        
     FlagSwitch                                 460       1       1       7   .bss        
     TimeKeeper.1                               461       1       1       4   .bss        
     OneSecCounter.2                            462       2       2       3   .bss        
     BlinkCounter.3                             464       2       2       3   .bss        
     kbScanTimerCounter.4                       466       1       1       3   .bss        
     KeyRepeatTimer.5                           467       2       2       3   .bss        
     KeyHoldTimer.6                             469       2       2       3   .bss        
     DividerCounter.8                           46B       2       2       4   .bss        
     IncrementCounter.10                        46D       1       1       1   .bss        
     LockIncrement.11                           46E       2       2       1   .bss        
     idleTimerSecs                              470       1       1       1   .bss        
     idleTimerMins                              471       1       1       1   .bss        
     Port1                                      472       5       5       4   .bss        
     KbScanTimer                                539       1       1       3   .common     
     OneSec                                     53A       1       1       3   .common     
     backlightTimeout                           53B       1       1       1   .common     
     BlinkTimer                                 53C       2       2       7   .common     
     TimerValue1                                53E       4       4       5   .common     
     TimerValue2                                542       4       4       5   .common     
     Timer_RTotalTime                           546       4       4       7   .common     
     Timer_RTotalOnTime                         54A       4       4       9   .common     
     TimerTime                                  54E       4       4       6   .common     
     TimerTimeOut                               552       4       4       5   .common     
     TimerTotalOnTime                           556       4       4       5   .common     
     KeyBoardScanFlag                           55A       1       1       3   .common     
     FlagTimer1                                 55B       1       1      17   .common     
     FlagTimer2                                 55C       1       1      36   .common     
     Flag_RTotalTime                            55D       1       1       7   .common     
     Flag_RTotalOnTime                          55E       1       1       9   .common     
     FlagTime                                   55F       1       1      14   .common     
     FlagTimeOut                                560       1       1      14   .common     
     FlagTotalOnTime                            561       1       1      20   .common     
     TempPTE                                    562       1       1       2   .common     
MODULE:                 -- print_c.obj --
- PROCEDURES:
     SCI_Init                                  D59F      1D      29       1   .text       
- VARIABLES:
MODULE:                 -- state_c.obj --
- PROCEDURES:
     StateMachine                              D5BC      4C      76       1   .text       
     NaviMenuEnter                             D608     11F     287       3   .text       
     NaviMenuLeave                             D727     132     306       8   .text       
- VARIABLES:
     S_Rdy_Top                                 8947       A      10      15   .rodata     
     S_Rdy_Test                                8951       A      10       3   .rodata     
     S_Rdy_Par                                 895B       A      10       1   .rodata     
     S_Rdy_Sts                                 8965       A      10       1   .rodata     
     S_Rdy_Rst                                 896F       A      10       1   .rodata     
     S_Rdy_Sek                                 8979       A      10       1   .rodata     
     S_Rst_Top                                 8983       A      10       1   .rodata     
     S_Rst_001                                 898D       A      10       2   .rodata     
     S_Sek_Top                                 8997       A      10       1   .rodata     
     S_Sek_HH1                                 89A1       A      10       2   .rodata     
     S_Sek_HH2                                 89AB       A      10       3   .rodata     
     S_Sek_HH3                                 89B5       A      10       1   .rodata     
     S_Sek_001                                 89BF       A      10       1   .rodata     
     S_Sek_002                                 89C9       A      10       2   .rodata     
     S_Sek_003                                 89D3       A      10       1   .rodata     
     S_Sek_004                                 89DD       A      10       1   .rodata     
     S_Sek_005                                 89E7       A      10       3   .rodata     
     S_Tst_Top                                 89F1       A      10       1   .rodata     
     S_Tst_001                                 89FB       A      10       3   .rodata     
     S_Tst_OL                                  8A05       A      10       1   .rodata     
     S_Tst_Sp1                                 8A0F       A      10       1   .rodata     
     S_Tst_Sp2                                 8A19       A      10       1   .rodata     
     S_Tst_OL2                                 8A23       A      10       2   .rodata     
     S_Tst_OL3                                 8A2D       A      10       2   .rodata     
     S_Tst_OL4                                 8A37       A      10       1   .rodata     
     S_Nrdy_Top                                8A41       A      10       4   .rodata     
     S_Nrdy_Rst                                8A4B       A      10       2   .rodata     
     S_Nrdy_Lck                                8A55       A      10       2   .rodata     
     S_Nrdy_Rst1                               8A5F       A      10       1   .rodata     
     S_Prdy_Top                                8A69       A      10       8   .rodata     
     S_Prdy_001                                8A73       A      10       3   .rodata     
     S_Prdy_002                                8A7D       A      10       2   .rodata     
     S_Prdy_003                                8A87       A      10       1   .rodata     
     S_Par_Top                                 8A91       A      10       1   .rodata     
     S_Par_001                                 8A9B       A      10       3   .rodata     
     S_On_Top                                  8AA5       A      10       5   .rodata     
     S_On_001                                  8AAF       A      10       3   .rodata     
     S_On_003                                  8AB9       A      10       1   .rodata     
     S_On_003A                                 8AC3       A      10       1   .rodata     
     S_On_004                                  8ACD       A      10       1   .rodata     
     S_Pause_Top                               8AD7       A      10       2   .rodata     
     S_Pause_001                               8AE1       A      10       3   .rodata     
     S_Pause_002                               8AEB       A      10       1   .rodata     
     S_Pause_003                               8AF5       A      10       1   .rodata     
     S_Off_Top                                 8AFF       A      10       1   .rodata     
     S_Off_001                                 8B09       A      10       4   .rodata     
     S_Off_003                                 8B13       A      10       1   .rodata     
     S_Off_003A                                8B1D       A      10       1   .rodata     
     S_Exp_Top                                 8B27       A      10       2   .rodata     
     S_Exp_001                                 8B31       A      10       1   .rodata     
     S_Exp_002                                 8B3B       A      10       1   .rodata     
     S_HH_Top                                  8B45       A      10       1   .rodata     
     S_HH_Verif1                               8B4F       A      10       3   .rodata     
     S_HH_Verif2                               8B59       A      10       1   .rodata     
     S_HH_Verif3                               8B63       A      10       1   .rodata     
     S_HH_Verif4                               8B6D       A      10       3   .rodata     
     S_HH_Verif5                               8B77       A      10       1   .rodata     
     S_HH_Found                                8B81       A      10       1   .rodata     
     S_HH_NFound                               8B8B       A      10       2   .rodata     
     S_HH_NFound1                              8B95       A      10       1   .rodata     
     S_HH_NFound2                              8B9F       A      10       1   .rodata     
     TABLEMENU                                 8BA9     1D0     464      15   .rodata     
     StatePtr.1                                 3EB       2       2       8   .data       
     IndexMenu                                  477       1       1       6   .bss        
     CurrentState                               563       2       2       2   .common     
     LastState                                  565       2       2       1   .common     
MODULE:                 -- string_c.obj --
- PROCEDURES:
     Memcpy                                    D859      39      57       3   .text       
     Strcpy                                    D892      2F      47      17   .text       
     Memset                                    D8C1      23      35       1   .text       
- VARIABLES:
MODULE:                 -- util_c.obj --
- PROCEDURES:
     CreateAlarm                               D8E4      62      98      10   .text       
     ResetAlarm                                D946      63      99       7   .text       
     AmpMicrotipValid                          D9A9      3A      58       2   .text       
     ResetClearAlarm                           D9E3       C      12       2   .text       
- VARIABLES:
     SoftwareVersion                           8D79       7       7       2   .rodata     
     Off_Msg                                   8D80       7       7       2   .rodata     
     Rdy_Msg                                   8D87       7       7       1   .rodata     
     Rdy_Msg2                                  8D8E       7       7       1   .rodata     
     Er_OL_Msg                                 8D95       7       7       1   .rodata     
     Er_SS_Msg                                 8D9C       7       7       1   .rodata     
     Er_EEPROM                                 8DA3       7       7       1   .rodata     
     Er_TempSens                               8DAA       7       7       1   .rodata     
     Er_MicroTip                               8DB1       7       7       1   .rodata     
     Er_DE_Msg                                 8DB8       7       7       2   .rodata     
     Er_TempError                              8DBF       7       7       1   .rodata     
     Er_TimeError2                             8DC6       7       7       1   .rodata     
     Er_TimeOutReach                           8DCD       7       7       1   .rodata     
     Er_HandHeld                               8DD4       7       7       1   .rodata     
     Er_FrontPanel                             8DDB       7       7       1   .rodata     
     Str_CRC                                    3ED       7       7       2   .data       
MODULE:                 -- weldhold_c.obj --
- PROCEDURES:
     CalcPower                                 D9EF      43      67       2   .text       
     FinalPower                                DA32      19      25       2   .text       
     CalcEnergy                                DA4B      79     121       3   .text       
     CalcTemperature                           DAC4      7C     124       1   .text       
     VerifyPreset                              DB40      7A     122       2   .text       
     InitWeldParam                             DBBA      BD     189       1   .text       
     Calc_P_Tempe_ModeSettings                 DC77     2AD     685      21   .text       
     StartSonicsTimer                          DF24     3FF    1023      83   .text       
     PauseTimers                               E323      49      73       1   .text       
     ResumeTimers                              E36C      69     105       1   .text       
     StartHoldTimer                            E3D5     241     577      31   .text       
     CheckPulseTemperature                     E616      43      67       1   .text       
     CheckOnParam                              E659     6DD    1757     108   .text       
     CheckExperiment                           ED36     1F3     499      38   .text       
     FinishCicle                               EF29     107     263       5   .text       
     CheckOffParam                             F030      CF     207       4   .text       
     EnterReady                                F0FF      49      73       1   .text       
     PreReady                                  F148      53      83       1   .text       
     CheckPreReady                             F19B      68     104       1   .text       
     AbortCleanUp                              F203       B      11       1   .text       
     EnterTest                                 F20E      42      66       1   .text       
     Start_HH_Timer                            F250      1C      28       1   .text       
     Start_HH_Timer2                           F26C      14      20       2   .text       
     SetHH                                     F280      7B     123       1   .text       
- VARIABLES:
     ExperFlag                                  478       1       1      23   .bss        
     HandHeld                                   479       1       1      12   .bss        
     CycleUpdated                               47A       1       1       6   .bss        
     FirstTime                                  47B       1       1       3   .bss        
     PulseTempeIndex                            47C       1       1      16   .bss        
     CurrentTemperature                         567       2       2      22   .common     
     SensedTemperature                          569       2       2       4   .common     
     AccumulatedEnergy                          56B       4       4      28   .common     
     PartialEnergy                              56F       4       4      13   .common     
     Time                                       573       4       4      11   .common     
     Energy                                     577       4       4      12   .common     
     OnTime                                     57B       4       4      21   .common     
     OffTime                                    57F       4       4      24   .common     
     OnEnergy                                   583       2       2      12   .common     
     TotalOnTime                                585       4       4      16   .common     
     TotalOnEnergy                              589       4       4      14   .common     
     PulseTempe                                 58D       2       2      10   .common     
     MaxTempe                                   58F       2       2       9   .common     
     Amplitude                                  591       1       1       5   .common     
     WeldMode                                   592       2       2      32   .common     
     TemperatureFlag                            594       2       2      15   .common     
     TimeOut                                    596       4       4       8   .common     
     InitTemp                                   59A       2       2       8   .common     
     Wattage                                    59C       2       2      14   .common     
     CurrentAlarm                               59E       2       2      12   .common     
     Currentpower                               5A0       2       2       3   .common     
     AlarmFlag                                  5A2       1       1      12   .common     
     LockItFlag                                 5A3       1       1       7   .common     
     OLFlag                                     5A4       1       1       8   .common     
     TimeFlag                                   5A5       1       1      12   .common     
     OkToAdvance                                5A6       1       1       3   .common     
     TestResult                                 5A7       1       1       2   .common     
     EndOfWeldSignalTime                        5A8       2       2       4   .common     
     TempeProbePresent                          5AA       1       1      17   .common     
     DOAON                                      5AB      28      40      32   .common     
     DOAOFF                                     5D3      28      40      10   .common     
     DOATEMP                                    5FB      14      20       7   .common     
     PTemperatureFlag                           60F       1       1       3   .common     
     PulsingMode                                610       1       1      12   .common     
     PHysterisis                                611       1       1      14   .common     
     TempOnTime                                 612       4       4      15   .common     
     TempOffTime                                616       4       4      16   .common     
     TempOnEnergy                               61A       4       4       9   .common     
MODULE:                 -- start08_c.obj --
- PROCEDURES:
     loadByte                                  8000       E      14       5   .init       
     Init                                      800E      6D     109       1   .init       
     _Startup                                  807B       9       9       1   .init       
- VARIABLES:
     _startupData                              8084       6       6       4   .startData  
- LABELS:
     __SEG_END_SSTACK                           81F       0       0       1               
MODULE:                 -- mc9s08lg32_c.obj --
- PROCEDURES:
- VARIABLES:
     _PTAD                                        0       1       1      10   .abs_section_0
     _PTADD                                       1       1       1       1   .abs_section_1
     _PTBD                                        2       1       1       1   .abs_section_2
     _PTBDD                                       3       1       1       1   .abs_section_3
     _PTCD                                        4       1       1       1   .abs_section_4
     _PTCDD                                       5       1       1       1   .abs_section_5
     _PTDD                                        6       1       1       1   .abs_section_6
     _PTDDD                                       7       1       1       1   .abs_section_7
     _IICA                                        8       1       1       0   .abs_section_8
     _IICF                                        9       1       1       0   .abs_section_9
     _IICC1                                       A       1       1       0   .abs_section_a
     _IICS                                        B       1       1       0   .abs_section_b
     _IICD                                        C       1       1       0   .abs_section_c
     _IICC2                                       D       1       1       0   .abs_section_d
     _PTED                                        E       1       1      22   .abs_section_e
     _PTEDD                                       F       1       1      17   .abs_section_f
     _SCI1C1                                     12       1       1       1   .abs_section_12
     _SCI1C2                                     13       1       1       1   .abs_section_13
     _SCI1S1                                     14       1       1       0   .abs_section_14
     _SCI1S2                                     15       1       1       0   .abs_section_15
     _SCI1C3                                     16       1       1       0   .abs_section_16
     _SCI1D                                      17       1       1       0   .abs_section_17
     _SCI2C1                                     1A       1       1       0   .abs_section_1a
     _SCI2C2                                     1B       1       1       0   .abs_section_1b
     _SCI2S1                                     1C       1       1       0   .abs_section_1c
     _SCI2S2                                     1D       1       1       0   .abs_section_1d
     _SCI2C3                                     1E       1       1       0   .abs_section_1e
     _SCI2D                                      1F       1       1       0   .abs_section_1f
     _TPM2SC                                     20       1       1       6   .abs_section_20
     _TPM2C0SC                                   25       1       1       0   .abs_section_25
     _TPM2C1SC                                   28       1       1       0   .abs_section_28
     _TPM2C2SC                                   2B       1       1       0   .abs_section_2b
     _TPM2C3SC                                   2E       1       1       0   .abs_section_2e
     _TPM2C4SC                                   31       1       1       0   .abs_section_31
     _TPM2C5SC                                   34       1       1       0   .abs_section_34
     _IRQSC                                      37       1       1       0   .abs_section_37
     _LCDC0                                      38       1       1       3   .abs_section_38
     _LCDC1                                      39       1       1       1   .abs_section_39
     _LCDSUPPLY                                  3A       1       1       1   .abs_section_3a
     _LCDBCTL                                    3C       1       1       1   .abs_section_3c
     _LCDS                                       3D       1       1       0   .abs_section_3d
     _PTFD                                       3E       1       1      31   .abs_section_3e
     _PTFDD                                      3F       1       1       3   .abs_section_3f
     _TPM1SC                                     40       1       1       0   .abs_section_40
     _TPM1C0SC                                   45       1       1       0   .abs_section_45
     _TPM1C1SC                                   48       1       1       0   .abs_section_48
     _ADCSC1                                     4B       1       1       4   .abs_section_4b
     _ADCSC2                                     4C       1       1       1   .abs_section_4c
     _ADCCFG                                     51       1       1       1   .abs_section_51
     _APCTL1                                     52       1       1       1   .abs_section_52
     _APCTL2                                     53       1       1       1   .abs_section_53
     _PTGD                                       54       1       1       5   .abs_section_54
     _PTGDD                                      55       1       1       1   .abs_section_55
     _PTHD                                       56       1       1       7   .abs_section_56
     _PTHDD                                      57       1       1       2   .abs_section_57
     _SPIC1                                      58       1       1       0   .abs_section_58
     _SPIC2                                      59       1       1       0   .abs_section_59
     _SPIBR                                      5A       1       1       0   .abs_section_5a
     _SPIS                                       5B       1       1       0   .abs_section_5b
     _SPID                                       5D       1       1       0   .abs_section_5d
     _PTID                                       5E       1       1      11   .abs_section_5e
     _PTIDD                                      5F       1       1      20   .abs_section_5f
     _LCDPEN0                                   820       1       1       1   .abs_section_820
     _LCDPEN1                                   821       1       1       1   .abs_section_821
     _LCDPEN2                                   822       1       1       1   .abs_section_822
     _LCDPEN3                                   823       1       1       1   .abs_section_823
     _LCDPEN4                                   824       1       1       1   .abs_section_824
     _LCDPEN5                                   825       1       1       1   .abs_section_825
     _LCDBPEN0                                  828       1       1       1   .abs_section_828
     _LCDBPEN1                                  829       1       1       1   .abs_section_829
     _LCDBPEN2                                  82A       1       1       1   .abs_section_82a
     _LCDBPEN3                                  82B       1       1       1   .abs_section_82b
     _LCDBPEN4                                  82C       1       1       1   .abs_section_82c
     _LCDBPEN5                                  82D       1       1       1   .abs_section_82d
     _LCDWF0                                    830       1       1       4   .abs_section_830
     _LCDWF1                                    831       1       1       1   .abs_section_831
     _LCDWF2                                    832       1       1       1   .abs_section_832
     _LCDWF3                                    833       1       1       1   .abs_section_833
     _LCDWF4                                    834       1       1       1   .abs_section_834
     _LCDWF5                                    835       1       1       1   .abs_section_835
     _LCDWF6                                    836       1       1       1   .abs_section_836
     _LCDWF7                                    837       1       1       1   .abs_section_837
     _LCDWF8                                    838       1       1       1   .abs_section_838
     _LCDWF9                                    839       1       1       1   .abs_section_839
     _LCDWF10                                   83A       1       1       1   .abs_section_83a
     _LCDWF11                                   83B       1       1       1   .abs_section_83b
     _LCDWF12                                   83C       1       1       1   .abs_section_83c
     _LCDWF13                                   83D       1       1       1   .abs_section_83d
     _LCDWF14                                   83E       1       1       1   .abs_section_83e
     _LCDWF15                                   83F       1       1       1   .abs_section_83f
     _LCDWF16                                   840       1       1       1   .abs_section_840
     _LCDWF17                                   841       1       1       1   .abs_section_841
     _LCDWF18                                   842       1       1       1   .abs_section_842
     _LCDWF19                                   843       1       1       1   .abs_section_843
     _LCDWF20                                   844       1       1       1   .abs_section_844
     _LCDWF21                                   845       1       1       0   .abs_section_845
     _LCDWF22                                   846       1       1       0   .abs_section_846
     _LCDWF23                                   847       1       1       0   .abs_section_847
     _LCDWF24                                   848       1       1       0   .abs_section_848
     _LCDWF25                                   849       1       1       0   .abs_section_849
     _LCDWF26                                   84A       1       1       0   .abs_section_84a
     _LCDWF27                                   84B       1       1       0   .abs_section_84b
     _LCDWF28                                   84C       1       1       1   .abs_section_84c
     _LCDWF29                                   84D       1       1       1   .abs_section_84d
     _LCDWF30                                   84E       1       1       1   .abs_section_84e
     _LCDWF31                                   84F       1       1       1   .abs_section_84f
     _LCDWF32                                   850       1       1       1   .abs_section_850
     _LCDWF33                                   851       1       1       1   .abs_section_851
     _LCDWF34                                   852       1       1       1   .abs_section_852
     _LCDWF35                                   853       1       1       1   .abs_section_853
     _LCDWF36                                   854       1       1       1   .abs_section_854
     _LCDWF37                                   855       1       1       0   .abs_section_855
     _LCDWF38                                   856       1       1       0   .abs_section_856
     _LCDWF39                                   857       1       1       0   .abs_section_857
     _LCDWF40                                   858       1       1       0   .abs_section_858
     _LCDWF41                                   859       1       1       0   .abs_section_859
     _LCDWF42                                   85A       1       1       0   .abs_section_85a
     _LCDWF43                                   85B       1       1       0   .abs_section_85b
     _LCDWF44                                   85C       1       1       0   .abs_section_85c
     _SRS                                      1800       1       1      14   .abs_section_1800
     _SBDFR                                    1801       1       1       0   .abs_section_1801
     _SOPT1                                    1802       1       1       1   .abs_section_1802
     _SOPT2                                    1803       1       1       1   .abs_section_1803
     _SPMSC1                                   1809       1       1       1   .abs_section_1809
     _SPMSC2                                   180A       1       1       1   .abs_section_180a
     _SCGC1                                    180E       1       1       3   .abs_section_180e
     _SCGC2                                    180F       1       1       1   .abs_section_180f
     _DBGCAX                                   1818       1       1       0   .abs_section_1818
     _DBGCBX                                   1819       1       1       0   .abs_section_1819
     _DBGCCX                                   181A       1       1       0   .abs_section_181a
     _DBGC                                     181C       1       1       0   .abs_section_181c
     _DBGT                                     181D       1       1       0   .abs_section_181d
     _DBGS                                     181E       1       1       0   .abs_section_181e
     _DBGCNT                                   181F       1       1       0   .abs_section_181f
     _FCDIV                                    1820       1       1       0   .abs_section_1820
     _FOPT                                     1821       1       1       0   .abs_section_1821
     _FCNFG                                    1823       1       1       0   .abs_section_1823
     _FPROT                                    1824       1       1       0   .abs_section_1824
     _FSTAT                                    1825       1       1       0   .abs_section_1825
     _FCMD                                     1826       1       1       0   .abs_section_1826
     _PINPS1                                   1830       1       1       0   .abs_section_1830
     _PINPS2                                   1831       1       1       0   .abs_section_1831
     _PINPS3                                   1832       1       1       1   .abs_section_1832
     _PINPS4                                   1833       1       1       1   .abs_section_1833
     _RTCSC                                    183C       1       1       0   .abs_section_183c
     _RTCCNT                                   183D       1       1       0   .abs_section_183d
     _RTCMOD                                   183E       1       1       0   .abs_section_183e
     _PTAPE                                    1840       1       1       1   .abs_section_1840
     _PTASE                                    1841       1       1       1   .abs_section_1841
     _PTADS                                    1842       1       1       1   .abs_section_1842
     _PTBPE                                    1844       1       1       1   .abs_section_1844
     _PTBSE                                    1845       1       1       1   .abs_section_1845
     _PTBDS                                    1846       1       1       1   .abs_section_1846
     _PTCPE                                    1848       1       1       1   .abs_section_1848
     _PTCSE                                    1849       1       1       1   .abs_section_1849
     _PTCDS                                    184A       1       1       1   .abs_section_184a
     _PTDPE                                    184C       1       1       1   .abs_section_184c
     _PTDSE                                    184D       1       1       1   .abs_section_184d
     _PTDDS                                    184E       1       1       1   .abs_section_184e
     _PTEPE                                    1850       1       1       1   .abs_section_1850
     _PTESE                                    1851       1       1       1   .abs_section_1851
     _PTEDS                                    1852       1       1       1   .abs_section_1852
     _PTFPE                                    1854       1       1       1   .abs_section_1854
     _PTFSE                                    1855       1       1       1   .abs_section_1855
     _PTFDS                                    1856       1       1       1   .abs_section_1856
     _ICSC1                                    1860       1       1       3   .abs_section_1860
     _ICSC2                                    1861       1       1       1   .abs_section_1861
     _ICSTRM                                   1862       1       1       0   .abs_section_1862
     _ICSSC                                    1863       1       1       4   .abs_section_1863
     _PTGPE                                    1868       1       1       1   .abs_section_1868
     _PTGSE                                    1869       1       1       1   .abs_section_1869
     _PTGDS                                    186A       1       1       1   .abs_section_186a
     _PTHPE                                    186C       1       1       1   .abs_section_186c
     _PTHSE                                    186D       1       1       1   .abs_section_186d
     _PTHDS                                    186E       1       1       1   .abs_section_186e
     _MTIMSC                                   1870       1       1       0   .abs_section_1870
     _MTIMCLK                                  1871       1       1       0   .abs_section_1871
     _MTIMCNT                                  1872       1       1       0   .abs_section_1872
     _MTIMMOD                                  1873       1       1       0   .abs_section_1873
     _PTIPE                                    1874       1       1       0   .abs_section_1874
     _PTISE                                    1875       1       1       0   .abs_section_1875
     _PTIDS                                    1876       1       1       0   .abs_section_1876
     _KBISC                                    1878       1       1       0   .abs_section_1878
     _KBIPE                                    1879       1       1       0   .abs_section_1879
     _KBIES                                    187A       1       1       0   .abs_section_187a
     _SCI1BD                                     10       2       2       2   .abs_section_10
     _SCI2BD                                     18       2       2       0   .abs_section_18
     _TPM2CNT                                    21       2       2       2   .abs_section_21
     _TPM2MOD                                    23       2       2       1   .abs_section_23
     _TPM2C0V                                    26       2       2       0   .abs_section_26
     _TPM2C1V                                    29       2       2       0   .abs_section_29
     _TPM2C2V                                    2C       2       2       0   .abs_section_2c
     _TPM2C3V                                    2F       2       2       0   .abs_section_2f
     _TPM2C4V                                    32       2       2       0   .abs_section_32
     _TPM2C5V                                    35       2       2       0   .abs_section_35
     _TPM1CNT                                    41       2       2       0   .abs_section_41
     _TPM1MOD                                    43       2       2       0   .abs_section_43
     _TPM1C0V                                    46       2       2       0   .abs_section_46
     _TPM1C1V                                    49       2       2       0   .abs_section_49
     _ADCR                                       4D       2       2       2   .abs_section_4d
     _ADCCV                                      4F       2       2       0   .abs_section_4f
     _SDID                                     1806       2       2       0   .abs_section_1806
     _DBGCA                                    1810       2       2       0   .abs_section_1810
     _DBGCB                                    1812       2       2       0   .abs_section_1812
     _DBGCC                                    1814       2       2       0   .abs_section_1814
     _DBGF                                     1816       2       2       0   .abs_section_1816
MODULE:                 -- rtshc08.o (ansiis.lib) --
- PROCEDURES:
     _PUSH_ARGS_L                              F2FB      20      32       3   .text       
     _ENTER_UNARY_L                            F31B      29      41       4   .text       
[...]
 |  |                 |                 |        |                 |  |  |  
 |  |                 |                 |        |                 |  |  +- _LDIVU_RC            (see above)
 |  |                 |                 |        |                 |  |  |  
 |  |                 |                 |        |                 |  |  +- _LMUL                (see above)
 |  |                 |                 |        |                 |  |  |  
 |  |                 |                 |        |                 |  |  +- _LCMP_RC             (see above)
 |  |                 |                 |        |                 |  |  |  
 |  |                 |                 |        |                 |  |  +- _POP32               (see above)
 |  |                 |                 |        |                 |  |     
 |  |                 |                 |        |                 |  +- CalcPower            (see above)
 |  |                 |                 |        |                 |  |  
 |  |                 |                 |        |                 |  +- CreateAlarm          (see above)
 |  |                 |                 |        |                 |     
 |  |                 |                 |        |                 +- S_Prdy_Top           (see above)
 |  |                 |                 |        |                 |  
 |  |                 |                 |        |                 +- S_On_003            
 |  |                 |                 |        |                    | 
 |  |                 |                 |        |                    +- S_Off_Top           
 |  |                 |                 |        |                       | 
 |  |                 |                 |        |                       +- StartHoldTimer      
 |  |                 |                 |        |                       |  | 
 |  |                 |                 |        |                       |  +- CalcEnergy           (see above)
 |  |                 |                 |        |                       |  |  
 |  |                 |                 |        |                       |  +- _Search_Table_16_Addr (see above)
 |  |                 |                 |        |                       |  |  
 |  |                 |                 |        |                       |  +- _LDIVS_LC            (see above)
 |  |                 |                 |        |                       |  |  
 |  |                 |                 |        |                       |  +- _LMUL                (see above)
 |  |                 |                 |        |                       |  |  
 |  |                 |                 |        |                       |  +- _LCMP                (see above)
 |  |                 |                 |        |                       |  |  
 |  |                 |                 |        |                       |  +- _LMUL_RC             (see above)
 |  |                 |                 |        |                       |  |  
 |  |                 |                 |        |                       |  +- _LDIVU               (see above)
 |  |                 |                 |        |                       |  |  
 |  |                 |                 |        |                       |  +- PauseMSTimer         (see above)
 |  |                 |                 |        |                       |  |  
 |  |                 |                 |        |                       |  +- StartMSTimer         (see above)
 |  |                 |                 |        |                       |  |  
 |  |                 |                 |        |                       |  +- PSIdle               (see above)
 |  |                 |                 |        |                       |  |  
 |  |                 |                 |        |                       |  +- ClrUserOut           (see above)
 |  |                 |                 |        |                       |  |  
 |  |                 |                 |        |                       |  +- _COPY                (see above)
 |  |                 |                 |        |                       |     
 |  |                 |                 |        |                       +- S_Off_001           
 |  |                 |                 |        |                          | 
 |  |                 |                 |        |                          +- CheckOffParam       
 |  |                 |                 |        |                          |  | 
 |  |                 |                 |        |                          |  +- _Search_Table_16_Offset (see above)
 |  |                 |                 |        |                          |  |  
 |  |                 |                 |        |                          |  +- ResumeMSTimer       
 |  |                 |                 |        |                          |  |  | 
 |  |                 |                 |        |                          |  |  +- _Jump_Table_Header_Offset (see above)
 |  |                 |                 |        |                          |  |     
 |  |                 |                 |        |                          |  +- CreateAlarm          (see above)
 |  |                 |                 |        |                          |     
 |  |                 |                 |        |                          +- S_Prdy_Top           (see above)
 |  |                 |                 |        |                          |  
 |  |                 |                 |        |                          +- S_Off_003           
 |  |                 |                 |        |                             | 
 |  |                 |                 |        |                             +- S_Exp_Top           
 |  |                 |                 |        |                             |  | 
 |  |                 |                 |        |                             |  +- S_Prdy_Top           (see above)
 |  |                 |                 |        |                             |  |  
 |  |                 |                 |        |                             |  +- S_Exp_001           
 |  |                 |                 |        |                             |     | 
 |  |                 |                 |        |                             |     +- CheckExperiment     
 |  |                 |                 |        |                             |     |  | 
 |  |                 |                 |        |                             |     |  +- CalcEnergy           (see above)
 |  |                 |                 |        |                             |     |  |  
 |  |                 |                 |        |                             |     |  +- _Search_Table_16_Addr (see above)
 |  |                 |                 |        |                             |     |  |  
 |  |                 |                 |        |                             |     |  +- _LDIVS_LC            (see above)
 |  |                 |                 |        |                             |     |  |  
 |  |                 |                 |        |                             |     |  +- _LMUL                (see above)
 |  |                 |                 |        |                             |     |  |  
 |  |                 |                 |        |                             |     |  +- _LCMP                (see above)
 |  |                 |                 |        |                             |     |  |  
 |  |                 |                 |        |                             |     |  +- ResumeMSTimer        (see above)
 |  |                 |                 |        |                             |     |  |  
 |  |                 |                 |        |                             |     |  +- StopMSTimer         
 |  |                 |                 |        |                             |     |  |  | 
 |  |                 |                 |        |                             |     |  |  +- _Jump_Table_Header_Offset (see above)
 |  |                 |                 |        |                             |     |  |     
 |  |                 |                 |        |                             |     |  +- FinishCicle         
 |  |                 |                 |        |                             |     |     | 
 |  |                 |                 |        |                             |     |     +- GetKeys              (see above)
 |  |                 |                 |        |                             |     |     |  
 |  |                 |                 |        |                             |     |     +- Beep                 (see above)
 |  |                 |                 |        |                             |     |     |  
 |  |                 |                 |        |                             |     |     +- EndOfWeldSignal     
 |  |                 |                 |        |                             |     |     |  | 
 |  |                 |                 |        |                             |     |     |  +- SetUserOut           (see above)
 |  |                 |                 |        |                             |     |     |     
 |  |                 |                 |        |                             |     |     +- _Search_Table_16_Offset (see above)
 |  |                 |                 |        |                             |     |     |  
 |  |                 |                 |        |                             |     |     +- _LDIVU               (see above)
 |  |                 |                 |        |                             |     |     |  
 |  |                 |                 |        |                             |     |     +- _POP32               (see above)
 |  |                 |                 |        |                             |     |     |  
 |  |                 |                 |        |                             |     |     +- _LMODU               (see above)
 |  |                 |                 |        |                             |     |     |  
 |  |                 |                 |        |                             |     |     +- _LDEC                (see above)
 |  |                 |                 |        |                             |     |     |  
 |  |                 |                 |        |                             |     |     +- _LMUL                (see above)
 |  |                 |                 |        |                             |     |     |  
 |  |                 |                 |        |                             |     |     +- _LADD                (see above)
 |  |                 |                 |        |                             |     |     |  
 |  |                 |                 |        |                             |     |     +- _LCMP_RC             (see above)
 |  |                 |                 |        |                             |     |        
 |  |                 |                 |        |                             |     +- S_Prdy_Top           (see above)
 |  |                 |                 |        |                             |        
 |  |                 |                 |        |                             +- S_Off_003A          
 |  |                 |                 |        |                                | 
 |  |                 |                 |        |                                +- S_Pause_Top         
 |  |                 |                 |        |                                |  | 
 |  |                 |                 |        |                                |  +- PauseTimers         
 |  |                 |                 |        |                                |  |  | 
 |  |                 |                 |        |                                |  |  +- PSIdle               (see above)
 |  |                 |                 |        |                                |  |  |  
 |  |                 |                 |        |                                |  |  +- ClrUserOut           (see above)
 |  |                 |                 |        |                                |  |  |  
 |  |                 |                 |        |                                |  |  +- PauseMSTimer         (see above)
 |  |                 |                 |        |                                |  |     
 |  |                 |                 |        |                                |  +- S_Pause_001         
 |  |                 |                 |        |                                |     | 
 |  |                 |                 |        |                                |     +- S_Prdy_Top           (see above)
 |  |                 |                 |        |                                |     |  
 |  |                 |                 |        |                                |     +- S_Pause_002         
 |  |                 |                 |        |                                |        | 
 |  |                 |                 |        |                                |        +- S_Pause_001          (see above)
 |  |                 |                 |        |                                |        |  
 |  |                 |                 |        |                                |        +- S_Pause_003         
 |  |                 |                 |        |                                |           | 
 |  |                 |                 |        |                                |           +- ResumeTimers        
 |  |                 |                 |        |                                |           |  | 
 |  |                 |                 |        |                                |           |  +- ClrReady             (see above)
 |  |                 |                 |        |                                |           |  |  
 |  |                 |                 |        |                                |           |  +- SetPSRun             (see above)
 |  |                 |                 |        |                                |           |  |  
 |  |                 |                 |        |                                |           |  +- SetUserOut           (see above)
 |  |                 |                 |        |                                |           |  |  
 |  |                 |                 |        |                                |           |  +- ResumeMSTimer        (see above)
 |  |                 |                 |        |                                |           |     
 |  |                 |                 |        |                                |           +- S_On_001             (see above)
 |  |                 |                 |        |                                |           |  
 |  |                 |                 |        |                                |           +- S_Off_001            (see above)
 |  |                 |                 |        |                                |              
 |  |                 |                 |        |                                +- S_Off_001            (see above)
 |  |                 |                 |        |                                   
 |  |                 |                 |        +- S_HH_Verif1          (see above)
 |  |                 |                 |           
 |  |                 |                 +- S_Rdy_Rst           
 |  |                 |                    | 
 |  |                 |                    +- S_Rst_Top           
 |  |                 |                    |  | 
 |  |                 |                    |  +- ResetClearAlarm      (see above)
 |  |                 |                    |  |  
 |  |                 |                    |  +- S_Rdy_Top            (see above)
 |  |                 |                    |     
 |  |                 |                    +- S_Rdy_Sek           
 |  |                 |                       | 
 |  |                 |                       +- S_Sek_Top           
 |  |                 |                       |  | 
 |  |                 |                       |  +- ClrReady             (see above)
 |  |                 |                       |  |  
 |  |                 |                       |  +- S_Sek_HH1           
 |  |                 |                       |     | 
 |  |                 |                       |     +- Start_HH_Timer2      (see above)
 |  |                 |                       |     |  
 |  |                 |                       |     +- S_Sek_HH2           
 |  |                 |                       |        | 
 |  |                 |                       |        +- S_Sek_001           
 |  |                 |                       |           | 
 |  |                 |                       |           +- PSSeek               (see above)
 |  |                 |                       |           |  
 |  |                 |                       |           +- S_Sek_002           
 |  |                 |                       |           |  | 
 |  |                 |                       |           |  +- S_Sek_004           
 |  |                 |                       |           |     | 
 |  |                 |                       |           |     +- RemovePSSeek         (see above)
 |  |                 |                       |           |        
 |  |                 |                       |           +- S_Rdy_Top            (see above)
 |  |                 |                       |              
 |  |                 |                       +- S_Rdy_Test           (see above)
 |  |                 |                          
 |  |                 +- S_Nrdy_Lck           (see above)
 |  |                    
 |  +- UpdateLive           (see above)
 |     
 +- _Startup            
    | 
    +- Init                
    |  | 
    |  +- loadByte            
    |       
    +- main                 (see above)
       
 _vect               
 | 
 +- Cpu_Interrupt       
 |    
 +- TI_Interrupt        
 |  | 
 |  +- _IDIVU_STAR08        (see above)
 |  |  
 |  +- _IMUL_STAR08         (see above)
 |  |  
 |  +- CheckBeeper         
 |  |  | 
 |  |  +- TurnOffBeeper       
 |  |     | 
 |  |     +- ClrBeep              (see above)
 |  |     |  
 |  |     +- SetBeep              (see above)
 |  |        
 |  +- CheckTimers         
 |  |  | 
 |  |  +- _LDEC                (see above)
 |  |  |  
 |  |  +- _STORE32            
 |  |  |    
 |  |  +- _LINC                (see above)
 |  |  |  
 |  |  +- _POP32               (see above)
 |  |  |  
 |  |  +- _LCMP_RC             (see above)
 |  |  |  
 |  |  +- CheckOnParam         (see above)
 |  |  |  
 |  |  +- _COPY                (see above)
 |  |  |  
 |  |  +- CheckOffParam        (see above)
 |  |  |  
 |  |  +- StartMSTimer         (see above)
 |  |     
 |  +- CheckWeldHold       
 |  |  | 
 |  |  +- ClrUserOut           (see above)
 |  |     
 |  +- StartADCConversion  
 |  |    
 |  +- DebounceInputs      
 |     | 
 |     +- GetTemperatureADC   
 |     |  | 
 |     |  +- ConvertTempToF       (see above)
 |     |     
 |     +- GetPower            
 |     |    
 |     +- _LADD                (see above)
 |     |  
 |     +- _POP32               (see above)
 |        
 +- ADC_Interrupt       
 |    
 +- _EntryPoint         
    | 
    +- _Startup             (see above)
       
*********************************************************************************************
STATISTIC SECTION
---------------------------------------------------------------------------------------------

ExeFile:
--------
Number of blocks to be downloaded: 6
Total size of all blocks to be downloaded: 31845

